=======================================================
EMAIL DISPATCHED: 2026-08-09 22:00:18
To: test_fokrul@example.com
Subject: Hackathon Readiness Alert
Body:
This is a test notification.
=======================================================

=======================================================
EMAIL DISPATCHED: 2026-08-09 22:05:38
To: test_fokrul@example.com
Subject: Hackathon Readiness Alert
Body:
This is a test notification.
=======================================================

=======================================================
EMAIL DISPATCHED: 2026-08-09 22:10:43
To: test_fokrul@example.com
Subject: Hackathon Readiness Alert
Body:
This is a test notification.
=======================================================

=======================================================
EMAIL DISPATCHED: 2026-08-09 22:18:12
To: test_fokrul@example.com
Subject: Hackathon Readiness Alert
Body:
This is a test notification.
=======================================================

=======================================================
EMAIL DISPATCHED: 2026-08-09 23:00:37
To: test_fokrul@example.com
Subject: Hackathon Readiness Alert
Body:
This is a test notification.
=======================================================

